// Jest Snapshot v1, https://goo.gl/fbAQLP

exports[`FilterBar component Matches the snapshot 1`] = `
<View
  style={
    Object {
      "backgroundColor": "#fff",
      "borderBottomColor": "#000",
      "borderBottomWidth": 0.5,
      "flexDirection": "row",
      "paddingHorizontal": 10,
      "paddingVertical": 5,
    }
  }
>
  <RCTScrollView
    contentContainerStyle={
      Object {
        "alignItems": "center",
        "flex": 1,
        "justifyContent": "space-between",
      }
    }
    horizontal={true}
    showsHorizontalScrollIndicator={false}
  >
    <View>
      <View
        style={
          Object {
            "flexDirection": "row",
          }
        }
      />
      <View
        style={
          Object {
            "borderRadius": 3,
            "overflow": "hidden",
          }
        }
      >
        <View
          accessibilityRole="button"
          accessibilityState={
            Object {
              "busy": false,
              "disabled": false,
            }
          }
          accessible={true}
          focusable={true}
          isTVSelectable={true}
          onClick={[Function]}
          onResponderGrant={[Function]}
          onResponderMove={[Function]}
          onResponderRelease={[Function]}
          onResponderTerminate={[Function]}
          onResponderTerminationRequest={[Function]}
          onStartShouldSetResponder={[Function]}
          style={
            Object {
              "opacity": 1,
            }
          }
        >
          <View
            style={
              Object {
                "alignItems": "center",
                "alignSelf": "flex-start",
                "backgroundColor": "#CED0CE",
                "borderColor": "#2089dc",
                "borderRadius": 3,
                "borderWidth": 0,
                "flexDirection": "row",
                "justifyContent": "flex-end",
                "padding": 8,
              }
            }
          >
            <Text
              style={
                Object {
                  "color": "white",
                  "fontSize": 18,
                  "paddingBottom": 1,
                  "paddingTop": 2,
                  "textAlign": "center",
                }
              }
            >
              Clear
            </Text>
          </View>
        </View>
      </View>
    </View>
  </RCTScrollView>
</View>
`;
